// Jest Snapshot v1, https://goo.gl/fbAQLP

exports[`Componet must be render as expected 1`] = `
<form>
  <input
    id="login"
    name="login"
    type="text"
  />
  <input
    id="password"
    name="password"
    type="password"
  />
  <button
    type="button"
  >
    SIGN IN
  </button>
</form>
`;
