// Jest Snapshot v1, https://goo.gl/fbAQLP

exports[`must render link component 1`] = `
<a
  href="/home"
>
  Click Here
</a>
`;
